11:49:09 **** Incremental Build of configuration Debug for project NUCLEO-G474RET6-Inverter_Pinout ****
make -j12 all 
arm-none-eabi-gcc "../Core/Src/main.c" -mcpu=cortex-m4 -std=gnu11 -g3 -DDEBUG -DUSE_HAL_DRIVER -DSTM32G474xx -c -I../Core/Inc -I../Drivers/STM32G4xx_HAL_Driver/Inc -I../Drivers/STM32G4xx_HAL_Driver/Inc/Legacy -I../Drivers/CMSIS/Device/ST/STM32G4xx/Include -I../Drivers/CMSIS/Include -O0 -ffunction-sections -fdata-sections -Wall -fstack-usage -fcyclomatic-complexity -MMD -MP -MF"Core/Src/main.d" -MT"Core/Src/main.o" --specs=nano.specs -mfpu=fpv4-sp-d16 -mfloat-abi=hard -mthumb -o "Core/Src/main.o"
../Core/Src/main.c: In function 'main':
../Core/Src/main.c:106:46: warning: pointer targets in passing argument 1 of 'strlen' differ in signedness [-Wpointer-sign]
  106 |   HAL_UART_Transmit(&huart2, started, strlen(started), HAL_MAX_DELAY);
      |                                              ^~~~~~~
      |                                              |
      |                                              const uint8_t * {aka const unsigned char *}
In file included from ../Core/Src/main.c:29:
C:\ST\STM32CubeIDE_1.13.1\STM32CubeIDE\plugins\com.st.stm32cube.ide.mcu.externaltools.gnu-tools-for-stm32.11.3.rel1.win32_1.1.0.202305231506\tools\bin/../lib/gcc/arm-none-eabi/11.3.1/../../../../arm-none-eabi/include/string.h:41:18: note: expected 'const char *' but argument is of type 'const uint8_t *' {aka 'const unsigned char *'}
   41 | size_t   strlen (const char *);
      |                  ^~~~~~~~~~~~
../Core/Src/main.c:107:32: warning: pointer targets in passing argument 2 of 'HAL_UART_Receive_IT' differ in signedness [-Wpointer-sign]
  107 |   HAL_UART_Receive_IT(&huart2, uartRxBuffer, 1);
      |                                ^~~~~~~~~~~~
      |                                |
      |                                char *
In file included from ../Core/Inc/stm32g4xx_hal_conf.h:348,
                 from ../Drivers/STM32G4xx_HAL_Driver/Inc/stm32g4xx_hal.h:29,
                 from ../Core/Inc/main.h:30,
                 from ../Core/Src/main.c:20:
../Drivers/STM32G4xx_HAL_Driver/Inc/stm32g4xx_hal_uart.h:1614:75: note: expected 'uint8_t *' {aka 'unsigned char *'} but argument is of type 'char *'
 1614 | HAL_StatusTypeDef HAL_UART_Receive_IT(UART_HandleTypeDef *huart, uint8_t *pData, uint16_t Size);
      |                                                                  ~~~~~~~~~^~~~~
../Core/Src/main.c:117:54: warning: pointer targets in passing argument 2 of 'HAL_UART_Transmit' differ in signedness [-Wpointer-sign]
  117 |                           HAL_UART_Transmit(&huart2, "\r\n", 2, HAL_MAX_DELAY);
      |                                                      ^~~~~~
      |                                                      |
      |                                                      char *
In file included from ../Core/Inc/stm32g4xx_hal_conf.h:348,
                 from ../Drivers/STM32G4xx_HAL_Driver/Inc/stm32g4xx_hal.h:29,
                 from ../Core/Inc/main.h:30,
                 from ../Core/Src/main.c:20:
../Drivers/STM32G4xx_HAL_Driver/Inc/stm32g4xx_hal_uart.h:1611:79: note: expected 'const uint8_t *' {aka 'const unsigned char *'} but argument is of type 'char *'
 1611 | HAL_StatusTypeDef HAL_UART_Transmit(UART_HandleTypeDef *huart, const uint8_t *pData, uint16_t Size, uint32_t Timeout);
      |                                                                ~~~~~~~~~~~~~~~^~~~~
../Core/Src/main.c: In function 'HAL_UART_RxCpltCallback':
../Core/Src/main.c:183:36: warning: pointer targets in passing argument 2 of 'HAL_UART_Transmit' differ in signedness [-Wpointer-sign]
  183 |         HAL_UART_Transmit(&huart2, uartRxBuffer, 1, 100);
      |                                    ^~~~~~~~~~~~
      |                                    |
      |                                    char *
In file included from ../Core/Inc/stm32g4xx_hal_conf.h:348,
                 from ../Drivers/STM32G4xx_HAL_Driver/Inc/stm32g4xx_hal.h:29,
                 from ../Core/Inc/main.h:30,
                 from ../Core/Src/main.c:20:
../Drivers/STM32G4xx_HAL_Driver/Inc/stm32g4xx_hal_uart.h:1611:79: note: expected 'const uint8_t *' {aka 'const unsigned char *'} but argument is of type 'char *'
 1611 | HAL_StatusTypeDef HAL_UART_Transmit(UART_HandleTypeDef *huart, const uint8_t *pData, uint16_t Size, uint32_t Timeout);
      |                                                                ~~~~~~~~~~~~~~~^~~~~
../Core/Src/main.c:184:38: warning: pointer targets in passing argument 2 of 'HAL_UART_Receive_IT' differ in signedness [-Wpointer-sign]
  184 |         HAL_UART_Receive_IT(&huart2, uartRxBuffer, 1);
      |                                      ^~~~~~~~~~~~
      |                                      |
      |                                      char *
In file included from ../Core/Inc/stm32g4xx_hal_conf.h:348,
                 from ../Drivers/STM32G4xx_HAL_Driver/Inc/stm32g4xx_hal.h:29,
                 from ../Core/Inc/main.h:30,
                 from ../Core/Src/main.c:20:
../Drivers/STM32G4xx_HAL_Driver/Inc/stm32g4xx_hal_uart.h:1614:75: note: expected 'uint8_t *' {aka 'unsigned char *'} but argument is of type 'char *'
 1614 | HAL_StatusTypeDef HAL_UART_Receive_IT(UART_HandleTypeDef *huart, uint8_t *pData, uint16_t Size);
      |                                                                  ~~~~~~~~~^~~~~
arm-none-eabi-gcc -o "NUCLEO-G474RET6-Inverter_Pinout.elf" @"objects.list"   -mcpu=cortex-m4 -T"C:\Users\thier\OneDrive\Bureau\.git\NUCLEO-G474RET6-Inverter_Pinout\NUCLEO-G474RET6-Inverter_Pinout\STM32G474RETX_FLASH.ld" --specs=nosys.specs -Wl,-Map="NUCLEO-G474RET6-Inverter_Pinout.map" -Wl,--gc-sections -static --specs=nano.specs -mfpu=fpv4-sp-d16 -mfloat-abi=hard -mthumb -u _printf_float -Wl,--start-group -lc -lm -Wl,--end-group
Finished building target: NUCLEO-G474RET6-Inverter_Pinout.elf
 
arm-none-eabi-size   NUCLEO-G474RET6-Inverter_Pinout.elf 
arm-none-eabi-objdump -h -S  NUCLEO-G474RET6-Inverter_Pinout.elf  > "NUCLEO-G474RET6-Inverter_Pinout.list"
   text	   data	    bss	    dec	    hex	filename
  54876	    600	   2824	  58300	   e3bc	NUCLEO-G474RET6-Inverter_Pinout.elf
Finished building: default.size.stdout
 
Finished building: NUCLEO-G474RET6-Inverter_Pinout.list
 

11:49:10 Build Finished. 0 errors, 5 warnings. (took 1s.4ms)

